// Jest Snapshot v1, https://goo.gl/fbAQLP

exports[`The Question Detail <Component The display element Should not regress 1`] = `
<div>
  <h3
    className="mb-2"
  >
    Lorem Ipsum
  </h3>
  <div>
    <div
      className="mb-3"
    >
      <div>
        <code>
          react
        </code>
      </div>
    </div>
    <div>
      <p>
        42
      </p>
    </div>
    <div>
      0
       Answers
    </div>
  </div>
</div>
`;
